mode: set
/Users/laura/.openclaw/workspace/brixa-scaler/integration/go/server.go:25.65,33.2 2 1
/Users/laura/.openclaw/workspace/brixa-scaler/integration/go/server.go:35.66,42.2 2 1
/Users/laura/.openclaw/workspace/brixa-scaler/integration/go/server.go:44.65,51.2 2 1
/Users/laura/.openclaw/workspace/brixa-scaler/integration/go/server.go:64.26,74.2 2 1
/Users/laura/.openclaw/workspace/brixa-scaler/integration/go/server.go:76.41,79.2 2 1
/Users/laura/.openclaw/workspace/brixa-scaler/integration/go/server.go:81.44,82.38 1 1
/Users/laura/.openclaw/workspace/brixa-scaler/integration/go/server.go:82.38,84.3 1 1
/Users/laura/.openclaw/workspace/brixa-scaler/integration/go/server.go:85.2,85.12 1 1
/Users/laura/.openclaw/workspace/brixa-scaler/integration/go/server.go:114.61,115.22 1 1
/Users/laura/.openclaw/workspace/brixa-scaler/integration/go/server.go:115.22,118.3 2 1
/Users/laura/.openclaw/workspace/brixa-scaler/integration/go/server.go:120.2,126.33 5 1
/Users/laura/.openclaw/workspace/brixa-scaler/integration/go/server.go:126.33,129.24 3 1
/Users/laura/.openclaw/workspace/brixa-scaler/integration/go/server.go:129.24,131.4 1 1
/Users/laura/.openclaw/workspace/brixa-scaler/integration/go/server.go:132.3,132.27 1 1
/Users/laura/.openclaw/workspace/brixa-scaler/integration/go/server.go:132.27,133.9 1 1
/Users/laura/.openclaw/workspace/brixa-scaler/integration/go/server.go:136.3,137.27 2 1
/Users/laura/.openclaw/workspace/brixa-scaler/integration/go/server.go:137.27,141.4 3 1
/Users/laura/.openclaw/workspace/brixa-scaler/integration/go/server.go:144.2,147.24 3 1
/Users/laura/.openclaw/workspace/brixa-scaler/integration/go/server.go:147.24,149.3 1 1
/Users/laura/.openclaw/workspace/brixa-scaler/integration/go/server.go:151.3,151.41 1 1
/Users/laura/.openclaw/workspace/brixa-scaler/integration/go/server.go:151.41,151.87 1 1
/Users/laura/.openclaw/workspace/brixa-scaler/integration/go/server.go:152.2,152.33 1 1
/Users/laura/.openclaw/workspace/brixa-scaler/integration/go/server.go:155.48,156.22 1 1
/Users/laura/.openclaw/workspace/brixa-scaler/integration/go/server.go:156.22,159.3 2 0
/Users/laura/.openclaw/workspace/brixa-scaler/integration/go/server.go:161.2,161.22 1 1
/Users/laura/.openclaw/workspace/brixa-scaler/integration/go/server.go:161.22,163.39 2 1
/Users/laura/.openclaw/workspace/brixa-scaler/integration/go/server.go:163.39,165.25 2 1
/Users/laura/.openclaw/workspace/brixa-scaler/integration/go/server.go:165.25,167.5 1 1
/Users/laura/.openclaw/workspace/brixa-scaler/integration/go/server.go:168.4,170.32 3 1
/Users/laura/.openclaw/workspace/brixa-scaler/integration/go/server.go:172.3,172.16 1 1
/Users/laura/.openclaw/workspace/brixa-scaler/integration/go/server.go:174.2,174.18 1 1
/Users/laura/.openclaw/workspace/brixa-scaler/integration/go/server.go:178.69,182.25 3 1
/Users/laura/.openclaw/workspace/brixa-scaler/integration/go/server.go:182.25,186.3 3 1
/Users/laura/.openclaw/workspace/brixa-scaler/integration/go/server.go:188.2,196.42 7 1
/Users/laura/.openclaw/workspace/brixa-scaler/integration/go/server.go:213.59,217.17 4 1
/Users/laura/.openclaw/workspace/brixa-scaler/integration/go/server.go:217.17,219.3 1 1
/Users/laura/.openclaw/workspace/brixa-scaler/integration/go/server.go:220.2,238.33 6 1
/Users/laura/.openclaw/workspace/brixa-scaler/integration/go/server.go:241.58,244.39 2 1
/Users/laura/.openclaw/workspace/brixa-scaler/integration/go/server.go:244.39,249.3 1 1
/Users/laura/.openclaw/workspace/brixa-scaler/integration/go/server.go:251.2,252.61 2 1
/Users/laura/.openclaw/workspace/brixa-scaler/integration/go/server.go:252.61,255.3 2 1
/Users/laura/.openclaw/workspace/brixa-scaler/integration/go/server.go:257.2,269.4 4 1
/Users/laura/.openclaw/workspace/brixa-scaler/integration/go/server.go:272.62,274.21 2 1
/Users/laura/.openclaw/workspace/brixa-scaler/integration/go/server.go:274.21,281.3 1 1
/Users/laura/.openclaw/workspace/brixa-scaler/integration/go/server.go:283.2,291.4 4 1
/Users/laura/.openclaw/workspace/brixa-scaler/integration/go/server.go:303.58,307.2 1 1
/Users/laura/.openclaw/workspace/brixa-scaler/integration/go/server.go:309.37,313.13 4 1
/Users/laura/.openclaw/workspace/brixa-scaler/integration/go/server.go:313.13,315.3 1 1
/Users/laura/.openclaw/workspace/brixa-scaler/integration/go/server.go:316.2,316.16 1 1
/Users/laura/.openclaw/workspace/brixa-scaler/integration/go/server.go:319.45,323.2 3 1
/Users/laura/.openclaw/workspace/brixa-scaler/integration/go/server.go:325.13,327.2 1 1
/Users/laura/.openclaw/workspace/brixa-scaler/integration/go/server.go:329.54,330.71 1 1
/Users/laura/.openclaw/workspace/brixa-scaler/integration/go/server.go:330.71,331.29 1 1
/Users/laura/.openclaw/workspace/brixa-scaler/integration/go/server.go:331.29,336.4 4 1
/Users/laura/.openclaw/workspace/brixa-scaler/integration/go/server.go:337.3,337.23 1 1
/Users/laura/.openclaw/workspace/brixa-scaler/integration/go/server.go:342.35,345.72 2 1
/Users/laura/.openclaw/workspace/brixa-scaler/integration/go/server.go:345.72,346.29 1 1
/Users/laura/.openclaw/workspace/brixa-scaler/integration/go/server.go:346.29,351.4 4 1
/Users/laura/.openclaw/workspace/brixa-scaler/integration/go/server.go:352.3,352.20 1 1
/Users/laura/.openclaw/workspace/brixa-scaler/integration/go/server.go:354.2,359.24 4 1
/Users/laura/.openclaw/workspace/brixa-scaler/integration/go/server.go:359.24,360.75 1 1
/Users/laura/.openclaw/workspace/brixa-scaler/integration/go/server.go:360.75,368.4 7 1
/Users/laura/.openclaw/workspace/brixa-scaler/integration/go/server.go:371.2,371.12 1 1
/Users/laura/.openclaw/workspace/brixa-scaler/integration/go/server.go:375.29,383.18 2 1
/Users/laura/.openclaw/workspace/brixa-scaler/integration/go/server.go:383.18,387.3 3 1
/Users/laura/.openclaw/workspace/brixa-scaler/integration/go/server.go:391.45,395.2 3 1
/Users/laura/.openclaw/workspace/brixa-scaler/integration/go/server.go:398.35,399.14 1 1
/Users/laura/.openclaw/workspace/brixa-scaler/integration/go/server.go:399.14,400.13 1 1
/Users/laura/.openclaw/workspace/brixa-scaler/integration/go/server.go:400.13,405.4 2 1
/Users/laura/.openclaw/workspace/brixa-scaler/integration/go/server.go:411.34,415.2 3 1
/Users/laura/.openclaw/workspace/brixa-scaler/integration/go/server.go:418.20,423.2 4 1
/Users/laura/.openclaw/workspace/brixa-scaler/integration/go/server.go:426.16,436.12 6 1
/Users/laura/.openclaw/workspace/brixa-scaler/integration/go/server.go:436.12,444.25 6 1
/Users/laura/.openclaw/workspace/brixa-scaler/integration/go/server.go:444.25,448.4 1 0
/Users/laura/.openclaw/workspace/brixa-scaler/integration/go/server.go:449.3,449.13 1 0
/Users/laura/.openclaw/workspace/brixa-scaler/integration/go/server.go:453.2,457.33 3 1
/Users/laura/.openclaw/workspace/brixa-scaler/integration/go/server.go:460.13,462.2 1 0
/Users/laura/.openclaw/workspace/brixa-scaler/integration/go/server.go:484.39,490.2 5 1
/Users/laura/.openclaw/workspace/brixa-scaler/integration/go/server.go:492.41,495.33 3 1
/Users/laura/.openclaw/workspace/brixa-scaler/integration/go/server.go:495.33,497.3 1 1
/Users/laura/.openclaw/workspace/brixa-scaler/integration/go/server.go:500.38,505.28 4 1
/Users/laura/.openclaw/workspace/brixa-scaler/integration/go/server.go:505.28,506.27 1 1
/Users/laura/.openclaw/workspace/brixa-scaler/integration/go/server.go:506.27,507.12 1 1
/Users/laura/.openclaw/workspace/brixa-scaler/integration/go/server.go:509.3,509.48 1 1
/Users/laura/.openclaw/workspace/brixa-scaler/integration/go/server.go:509.48,511.4 1 1
/Users/laura/.openclaw/workspace/brixa-scaler/integration/go/server.go:514.2,514.19 1 1
/Users/laura/.openclaw/workspace/brixa-scaler/integration/go/server.go:514.19,516.3 1 1
/Users/laura/.openclaw/workspace/brixa-scaler/integration/go/server.go:517.2,517.11 1 1
/Users/laura/.openclaw/workspace/brixa-scaler/integration/go/server.go:520.39,525.28 4 1
/Users/laura/.openclaw/workspace/brixa-scaler/integration/go/server.go:525.28,527.3 1 1
/Users/laura/.openclaw/workspace/brixa-scaler/integration/go/server.go:528.2,528.15 1 1
/Users/laura/.openclaw/workspace/brixa-scaler/integration/go/server.go:531.49,544.2 2 1
/Users/laura/.openclaw/workspace/brixa-scaler/integration/go/server.go:547.66,560.2 6 1
/Users/laura/.openclaw/workspace/brixa-scaler/integration/go/server.go:567.49,582.2 8 1
/Users/laura/.openclaw/workspace/brixa-scaler/integration/go/server.go:585.46,589.25 2 1
/Users/laura/.openclaw/workspace/brixa-scaler/integration/go/server.go:589.25,595.3 5 1
/Users/laura/.openclaw/workspace/brixa-scaler/integration/go/server.go:597.2,597.15 1 1
/Users/laura/.openclaw/workspace/brixa-scaler/integration/go/server.go:601.57,602.19 1 1
/Users/laura/.openclaw/workspace/brixa-scaler/integration/go/server.go:602.19,604.3 1 1
/Users/laura/.openclaw/workspace/brixa-scaler/integration/go/server.go:605.2,605.48 1 1
/Users/laura/.openclaw/workspace/brixa-scaler/integration/go/server.go:618.64,630.2 4 1
/Users/laura/.openclaw/workspace/brixa-scaler/integration/go/server.go:632.42,634.25 2 1
/Users/laura/.openclaw/workspace/brixa-scaler/integration/go/server.go:634.25,636.20 2 1
/Users/laura/.openclaw/workspace/brixa-scaler/integration/go/server.go:636.20,638.4 1 1
/Users/laura/.openclaw/workspace/brixa-scaler/integration/go/server.go:640.2,640.13 1 1
/Users/laura/.openclaw/workspace/brixa-scaler/integration/go/server.go:653.52,657.2 3 1
/Users/laura/.openclaw/workspace/brixa-scaler/integration/go/server.go:660.59,662.2 1 1
/Users/laura/.openclaw/workspace/brixa-scaler/integration/go/server.go:665.55,668.2 2 1
/Users/laura/.openclaw/workspace/brixa-scaler/integration/go/server.go:670.29,671.16 1 1
/Users/laura/.openclaw/workspace/brixa-scaler/integration/go/server.go:671.16,673.3 1 1
/Users/laura/.openclaw/workspace/brixa-scaler/integration/go/server.go:674.2,674.21 1 1
